// Jest Snapshot v1, https://jestjs.io/docs/snapshot-testing

exports[`Pruebas en <GifItem /> debe de hacer match cn el snapshot 1`] = `
<div>
  <div
    class="card"
  >
    <img
      alt="Saitama"
      src="https://one-punch.com/saitama.jpg"
    />
    <p>
      Saitama
    </p>
  </div>
</div>
`;
